// Jest Snapshot v1, https://goo.gl/fbAQLP

exports[`computeEnv should set default values when no arguments are provided 1`] = `
{
  "env": {
    "AWS_VPC_ENI_MTU": "9001",
    "AWS_VPC_K8S_CNI_CUSTOM_NETWORK_CFG": "false",
    "AWS_VPC_K8S_CNI_EXTERNALSNAT": "false",
    "AWS_VPC_K8S_CNI_LOGLEVEL": "DEBUG",
    "AWS_VPC_K8S_CNI_LOG_FILE": "/host/var/log/aws-routed-eni/ipamd.log",
    "AWS_VPC_K8S_CNI_VETHPREFIX": "eni",
    "AWS_VPC_K8S_PLUGIN_LOG_FILE": "/var/log/aws-routed-eni/plugin.log",
    "AWS_VPC_K8S_PLUGIN_LOG_LEVEL": "DEBUG",
    "ENABLE_POD_ENI": "false",
    "WARM_ENI_TARGET": "1",
  },
  "initEnv": {
    "DISABLE_TCP_EARLY_DEMUX": "false",
  },
}
`;

exports[`computeEnv should set provided values correctly 1`] = `
{
  "env": {
    "AWS_VPC_CNI_NODE_PORT_SUPPORT": "true",
    "AWS_VPC_ENI_MTU": "1500",
    "AWS_VPC_K8S_CNI_CONFIGURE_RPFILTER": "true",
    "AWS_VPC_K8S_CNI_CUSTOM_NETWORK_CFG": "true",
    "AWS_VPC_K8S_CNI_EXTERNALSNAT": "true",
    "AWS_VPC_K8S_CNI_LOGLEVEL": "INFO",
    "AWS_VPC_K8S_CNI_LOG_FILE": "/custom/log/file",
    "AWS_VPC_K8S_CNI_VETHPREFIX": "customPrefix",
    "AWS_VPC_K8S_PLUGIN_LOG_FILE": "/custom/plugin/log/file",
    "AWS_VPC_K8S_PLUGIN_LOG_LEVEL": "ERROR",
    "ENABLE_POD_ENI": "true",
    "ENABLE_PREFIX_DELEGATION": "true",
    "ENI_CONFIG_LABEL_DEF": "customLabel",
    "WARM_ENI_TARGET": "2",
    "WARM_IP_TARGET": "3",
    "WARM_PREFIX_TARGET": "4",
  },
  "initEnv": {
    "DISABLE_TCP_EARLY_DEMUX": "true",
  },
}
`;
